
> nuxt-app@ test C:\Users\zakyh\Documents\Office\BROAKEN\nuxt-layer-example
> vitest run "test/unit/auth/authStore.test.ts"

node.exe : [baseline-browser-mapping] The data in this module 
is over two months old.  To ensure accurate Baseline data, 
please update: `npm i baseline-browser-mapping@latest -D`
At C:\nvm4w\nodejs\pnpm.ps1:16 char:5
+     & "$basedir/node$exe"  
"$basedir/node_modules/corepack/dist/pnpm. ...
+     ~~~~~~~~~~~~~~~~~~~~~~~~~~~~~~~~~~~~~~~~~~~~~~~~~~~~~~~~
~~~~~~~~~
    + CategoryInfo          : NotSpecified: ([baseline-brows. 
   ..ping@latest -D`:String) [], RemoteException
    + FullyQualifiedErrorId : NativeCommandError
 

[1m[46m RUN [49m[22m [36mv4.0.18 [39m[90mC:/Users/zakyh/Documents/Office/BROAKEN/nuxt-layer-example[39m

 [31mÔØ»[39m [30m[42m unit [49m[39m test/unit/auth/authStore.test.ts [2m([22m[2m0 test[22m[2m)[22m

[31mÔÄ»ÔÄ»ÔÄ»ÔÄ»ÔÄ»ÔÄ»[39m[1m[41m Failed Suites 1 
[49m[22m[31mÔÄ»ÔÄ»ÔÄ»ÔÄ»ÔÄ»ÔÄ»ÔÄ»[39m

[41m[1m FAIL [22m[49m [30m[42m unit [49m[39m 
test/unit/auth/authStore.test.ts[2m [ 
test/unit/auth/authStore.test.ts ][22m
[31m[1mError[22m: Cannot find module '#app' imported from '
C:/Users/zakyh/Documents/Office/BROAKEN/nuxt-layer-example/lay
ers/auth/app/stores/auth/useAuthStore.ts'[39m
[36m [2mÔØ»[22m 
layers/auth/app/stores/auth/useAuthStore.ts:[2m3:1[22m[39m
    [90m  1| [39m[35mimport[39m { defineStore } 
[35mfrom[39m [32m'pinia'[39m
    [90m  2| [39m[35mimport[39m { ref[33m,[39m computed 
} [35mfrom[39m [32m'vue'[39m
    [90m  3| [39m[35mimport[39m { useCookie } 
[35mfrom[39m [32m'#app'[39m
    [90m   | [39m[31m^[39m
    [90m  4| [39m[35mimport[39m { 
[33mUserSchema[39m[33m,[39m type [33mUser[39m } 
[35mfrom[39m [32m'../../schemas/user'[39m
    [90m  5| [39m
[90m [2mÔØ»[22m 
test/unit/auth/authStore.test.ts:[2m3:1[22m[39m

[31m[2mÔÄ»ÔÄ»ÔÄ»ÔÄ»ÔÄ»ÔÄ»ÔÄ»ÔÄ»ÔÄ»ÔÄ»ÔÄ»ÔÄ»ÔÄ»ÔÄ»ÔÄ»ÔÄ»ÔÄ»ÔÄ
»ÔÄ»ÔÄ»ÔÄ»ÔÄ»ÔÄ»ÔÄ»[1/1]ÔÄ»[22m[39m


[2m Test Files [22m [1m[31m1 failed[39m[22m[90m (1)[39m
[2m      Tests [22m [2mno tests[22m
[2m   Start at [22m 11:14:07
[2m   Duration [22m 1.25s[2m (transform 78ms, setup 93ms, import 0ms, tests 0ms, environment 0ms)[22m

ÔÇëELIFECYCLEÔÇë Test failed. See above for more details.
